// Jest Snapshot v1, https://goo.gl/fbAQLP

exports[`SpendingStatusWidget should render SpendingStatusWidget correctly 1`] = `
<div>
  <h2>
     My Current Balance 
  </h2>
  <div>
    <p>
      Bitcoin
    </p>
    <p>
      10
       BTC
    </p>
  </div>
  <div>
    <p>
      Balance in usd
    </p>
    <p>
      NaN
       $
    </p>
  </div>
</div>
`;
